// Jest Snapshot v1, https://goo.gl/fbAQLP

exports[`check app 1`] = `
<div
  class="wrapper container-fluid h-100"
>
  <div
    class="row h-100"
  >
    <div
      class="w-25 h-100 pt-3 bg-dark"
    >
      <div
        class="channels-list d-flex flex-column  h-100"
      >
        <div
          class="user-name pl-3 pr-3"
        >
          <p
            class="h3 text-white"
          >
            User1
          </p>
        </div>
        <div
          class="channels-manage pb-3"
        >
          <div
            class="nav flex-column nav-pills mb-3"
          >
            <a
              class="nav-link text-white active"
              href="#"
            >
              # general
            </a>
            <a
              class="nav-link text-white"
              href="#"
            >
              # random
            </a>
          </div>
          <button
            class="show-new-channel-modal-btn btn btn-primary ml-3"
            type="button"
          >
            new
          </button>
        </div>
      </div>
    </div>
    <div
      class="col pt-3 pb-5 h-100 bg-light"
    >
      <div
        class="chat d-flex flex-column justify-content-between h-100"
      >
        <div
          class="chat-header d-flex mb-3"
        >
          <h2
            class="chat-name mr-3"
          >
            #general
          </h2>
          <button
            class="show-rename-channel-modal-btn btn btn-primary mr-3"
            type="button"
          >
            edit
          </button>
        </div>
        <div
          class="chat-messages col"
        >
          <div
            class="card h-100"
          >
            <div
              class="card-body"
            />
          </div>
        </div>
        <div
          class="chat-input mt-3"
        >
          <form
            class="form-inline"
          >
            <div
              class="form-group w-50 mr-3"
            >
              <input
                class="message-input form-control w-100"
                name="message"
                placeholder="Message to #general"
                type="text"
                value=""
              />
            </div>
            <button
              class="message-submit btn btn-primary"
              disabled=""
              type="submit"
            >
              Send
            </button>
          </form>
        </div>
      </div>
    </div>
  </div>
</div>
`;

exports[`check app 2`] = `
<div
  class="wrapper container-fluid h-100"
>
  <div
    class="row h-100"
  >
    <div
      class="w-25 h-100 pt-3 bg-dark"
    >
      <div
        class="channels-list d-flex flex-column  h-100"
      >
        <div
          class="user-name pl-3 pr-3"
        >
          <p
            class="h3 text-white"
          >
            User1
          </p>
        </div>
        <div
          class="channels-manage pb-3"
        >
          <div
            class="nav flex-column nav-pills mb-3"
          >
            <a
              class="nav-link text-white active"
              href="#"
            >
              # general
            </a>
            <a
              class="nav-link text-white"
              href="#"
            >
              # random
            </a>
          </div>
          <button
            class="show-new-channel-modal-btn btn btn-primary ml-3"
            type="button"
          >
            new
          </button>
        </div>
      </div>
    </div>
    <div
      class="col pt-3 pb-5 h-100 bg-light"
    >
      <div
        class="chat d-flex flex-column justify-content-between h-100"
      >
        <div
          class="chat-header d-flex mb-3"
        >
          <h2
            class="chat-name mr-3"
          >
            #general
          </h2>
          <button
            class="show-rename-channel-modal-btn btn btn-primary mr-3"
            type="button"
          >
            edit
          </button>
        </div>
        <div
          class="chat-messages col"
        >
          <div
            class="card h-100"
          >
            <div
              class="card-body"
            />
          </div>
        </div>
        <div
          class="chat-input mt-3"
        >
          <form
            class="form-inline"
          >
            <div
              class="form-group w-50 mr-3"
            >
              <input
                class="message-input form-control w-100"
                name="message"
                placeholder="Message to #general"
                type="text"
                value="hey!"
              />
            </div>
            <button
              class="message-submit btn btn-primary"
              type="submit"
            >
              Send
            </button>
          </form>
        </div>
      </div>
    </div>
  </div>
</div>
`;

exports[`check app 3`] = `
<div
  class="wrapper container-fluid h-100"
>
  <div
    class="row h-100"
  >
    <div
      class="w-25 h-100 pt-3 bg-dark"
    >
      <div
        class="channels-list d-flex flex-column  h-100"
      >
        <div
          class="user-name pl-3 pr-3"
        >
          <p
            class="h3 text-white"
          >
            User1
          </p>
        </div>
        <div
          class="channels-manage pb-3"
        >
          <div
            class="nav flex-column nav-pills mb-3"
          >
            <a
              class="nav-link text-white active"
              href="#"
            >
              # general
            </a>
            <a
              class="nav-link text-white"
              href="#"
            >
              # random
            </a>
          </div>
          <button
            class="show-new-channel-modal-btn btn btn-primary ml-3"
            type="button"
          >
            new
          </button>
        </div>
      </div>
    </div>
    <div
      class="col pt-3 pb-5 h-100 bg-light"
    >
      <div
        class="chat d-flex flex-column justify-content-between h-100"
      >
        <div
          class="chat-header d-flex mb-3"
        >
          <h2
            class="chat-name mr-3"
          >
            #general
          </h2>
          <button
            class="show-rename-channel-modal-btn btn btn-primary mr-3"
            type="button"
          >
            edit
          </button>
        </div>
        <div
          class="chat-messages col"
        >
          <div
            class="card h-100"
          >
            <div
              class="card-body"
            >
              <div
                class="message"
              >
                <div
                  class="message-header"
                >
                  <span
                    class="message-sender font-weight-bold"
                  >
                    User1 
                  </span>
                  <span
                    class="message-time"
                  >
                    10:00
                  </span>
                </div>
                <p
                  class="pl-3 pr-3"
                >
                  hey!
                </p>
              </div>
            </div>
          </div>
        </div>
        <div
          class="chat-input mt-3"
        >
          <form
            class="form-inline"
          >
            <div
              class="form-group w-50 mr-3"
            >
              <input
                class="message-input form-control w-100"
                name="message"
                placeholder="Message to #general"
                type="text"
                value=""
              />
            </div>
            <button
              class="message-submit btn btn-primary"
              disabled=""
              type="submit"
            >
              Send
            </button>
          </form>
        </div>
      </div>
    </div>
  </div>
</div>
`;

exports[`check app 4`] = `
<div
  class="wrapper container-fluid h-100"
>
  <div
    class="row h-100"
  >
    <div
      class="w-25 h-100 pt-3 bg-dark"
    >
      <div
        class="channels-list d-flex flex-column  h-100"
      >
        <div
          class="user-name pl-3 pr-3"
        >
          <p
            class="h3 text-white"
          >
            User1
          </p>
        </div>
        <div
          class="channels-manage pb-3"
        >
          <div
            class="nav flex-column nav-pills mb-3"
          >
            <a
              class="nav-link text-white active"
              href="#"
            >
              # general
            </a>
            <a
              class="nav-link text-white"
              href="#"
            >
              # random
            </a>
          </div>
          <button
            class="show-new-channel-modal-btn btn btn-primary ml-3"
            type="button"
          >
            new
          </button>
        </div>
      </div>
    </div>
    <div
      class="col pt-3 pb-5 h-100 bg-light"
    >
      <div
        class="chat d-flex flex-column justify-content-between h-100"
      >
        <div
          class="chat-header d-flex mb-3"
        >
          <h2
            class="chat-name mr-3"
          >
            #general
          </h2>
          <button
            class="show-rename-channel-modal-btn btn btn-primary mr-3"
            type="button"
          >
            edit
          </button>
        </div>
        <div
          class="chat-messages col"
        >
          <div
            class="card h-100"
          >
            <div
              class="card-body"
            >
              <div
                class="message"
              >
                <div
                  class="message-header"
                >
                  <span
                    class="message-sender font-weight-bold"
                  >
                    User1 
                  </span>
                  <span
                    class="message-time"
                  >
                    10:00
                  </span>
                </div>
                <p
                  class="pl-3 pr-3"
                >
                  hey!
                </p>
              </div>
              <div
                class="message"
              >
                <p
                  class="pl-3 pr-3"
                >
                  how are you?
                </p>
              </div>
            </div>
          </div>
        </div>
        <div
          class="chat-input mt-3"
        >
          <form
            class="form-inline"
          >
            <div
              class="form-group w-50 mr-3"
            >
              <input
                class="message-input form-control w-100"
                name="message"
                placeholder="Message to #general"
                type="text"
                value=""
              />
            </div>
            <button
              class="message-submit btn btn-primary"
              disabled=""
              type="submit"
            >
              Send
            </button>
          </form>
        </div>
      </div>
    </div>
  </div>
</div>
`;

exports[`check app 5`] = `
<div
  class="wrapper container-fluid h-100"
>
  <div
    class="row h-100"
  >
    <div
      class="w-25 h-100 pt-3 bg-dark"
    >
      <div
        class="channels-list d-flex flex-column  h-100"
      >
        <div
          class="user-name pl-3 pr-3"
        >
          <p
            class="h3 text-white"
          >
            User1
          </p>
        </div>
        <div
          class="channels-manage pb-3"
        >
          <div
            class="nav flex-column nav-pills mb-3"
          >
            <a
              class="nav-link text-white active"
              href="#"
            >
              # general
            </a>
            <a
              class="nav-link text-white"
              href="#"
            >
              # random
            </a>
          </div>
          <button
            class="show-new-channel-modal-btn btn btn-primary ml-3"
            type="button"
          >
            new
          </button>
        </div>
      </div>
    </div>
    <div
      class="col pt-3 pb-5 h-100 bg-light"
    >
      <div
        class="chat d-flex flex-column justify-content-between h-100"
      >
        <div
          class="chat-header d-flex mb-3"
        >
          <h2
            class="chat-name mr-3"
          >
            #general
          </h2>
          <button
            class="show-rename-channel-modal-btn btn btn-primary mr-3"
            type="button"
          >
            edit
          </button>
        </div>
        <div
          class="chat-messages col"
        >
          <div
            class="card h-100"
          >
            <div
              class="card-body"
            >
              <div
                class="message"
              >
                <div
                  class="message-header"
                >
                  <span
                    class="message-sender font-weight-bold"
                  >
                    User1 
                  </span>
                  <span
                    class="message-time"
                  >
                    10:00
                  </span>
                </div>
                <p
                  class="pl-3 pr-3"
                >
                  hey!
                </p>
              </div>
              <div
                class="message"
              >
                <p
                  class="pl-3 pr-3"
                >
                  how are you?
                </p>
              </div>
              <div
                class="message"
              >
                <div
                  class="message-header"
                >
                  <span
                    class="message-sender font-weight-bold"
                  >
                    User2 
                  </span>
                  <span
                    class="message-time"
                  >
                    10:02
                  </span>
                </div>
                <p
                  class="pl-3 pr-3"
                >
                  i'm fine
                </p>
              </div>
            </div>
          </div>
        </div>
        <div
          class="chat-input mt-3"
        >
          <form
            class="form-inline"
          >
            <div
              class="form-group w-50 mr-3"
            >
              <input
                class="message-input form-control w-100"
                name="message"
                placeholder="Message to #general"
                type="text"
                value=""
              />
            </div>
            <button
              class="message-submit btn btn-primary"
              disabled=""
              type="submit"
            >
              Send
            </button>
          </form>
        </div>
      </div>
    </div>
  </div>
</div>
`;

exports[`check app 6`] = `
<div
  class="wrapper container-fluid h-100"
>
  <div
    class="row h-100"
  >
    <div
      class="w-25 h-100 pt-3 bg-dark"
    >
      <div
        class="channels-list d-flex flex-column  h-100"
      >
        <div
          class="user-name pl-3 pr-3"
        >
          <p
            class="h3 text-white"
          >
            User1
          </p>
        </div>
        <div
          class="channels-manage pb-3"
        >
          <div
            class="nav flex-column nav-pills mb-3"
          >
            <a
              class="nav-link text-white"
              href="#"
            >
              # general
            </a>
            <a
              class="nav-link text-white active"
              href="#"
            >
              # random
            </a>
          </div>
          <button
            class="show-new-channel-modal-btn btn btn-primary ml-3"
            type="button"
          >
            new
          </button>
        </div>
      </div>
    </div>
    <div
      class="col pt-3 pb-5 h-100 bg-light"
    >
      <div
        class="chat d-flex flex-column justify-content-between h-100"
      >
        <div
          class="chat-header d-flex mb-3"
        >
          <h2
            class="chat-name mr-3"
          >
            #random
          </h2>
          <button
            class="show-rename-channel-modal-btn btn btn-primary mr-3"
            type="button"
          >
            edit
          </button>
        </div>
        <div
          class="chat-messages col"
        >
          <div
            class="card h-100"
          >
            <div
              class="card-body"
            />
          </div>
        </div>
        <div
          class="chat-input mt-3"
        >
          <form
            class="form-inline"
          >
            <div
              class="form-group w-50 mr-3"
            >
              <input
                class="message-input form-control w-100"
                name="message"
                placeholder="Message to #random"
                type="text"
                value=""
              />
            </div>
            <button
              class="message-submit btn btn-primary"
              disabled=""
              type="submit"
            >
              Send
            </button>
          </form>
        </div>
      </div>
    </div>
  </div>
</div>
`;

exports[`check app 7`] = `
<div
  class="wrapper container-fluid h-100"
>
  <div
    class="row h-100"
  >
    <div
      class="w-25 h-100 pt-3 bg-dark"
    >
      <div
        class="channels-list d-flex flex-column  h-100"
      >
        <div
          class="user-name pl-3 pr-3"
        >
          <p
            class="h3 text-white"
          >
            User1
          </p>
        </div>
        <div
          class="channels-manage pb-3"
        >
          <div
            class="nav flex-column nav-pills mb-3"
          >
            <a
              class="nav-link text-white"
              href="#"
            >
              # general
            </a>
            <a
              class="nav-link text-white active"
              href="#"
            >
              # random
            </a>
          </div>
          <button
            class="show-new-channel-modal-btn btn btn-primary ml-3"
            type="button"
          >
            new
          </button>
        </div>
      </div>
    </div>
    <div
      class="col pt-3 pb-5 h-100 bg-light"
    >
      <div
        class="chat d-flex flex-column justify-content-between h-100"
      >
        <div
          class="chat-header d-flex mb-3"
        >
          <h2
            class="chat-name mr-3"
          >
            #random
          </h2>
          <button
            class="show-rename-channel-modal-btn btn btn-primary mr-3"
            type="button"
          >
            edit
          </button>
        </div>
        <div
          class="chat-messages col"
        >
          <div
            class="card h-100"
          >
            <div
              class="card-body"
            >
              <div
                class="message"
              >
                <div
                  class="message-header"
                >
                  <span
                    class="message-sender font-weight-bold"
                  >
                    User1 
                  </span>
                  <span
                    class="message-time"
                  >
                    10:00
                  </span>
                </div>
                <p
                  class="pl-3 pr-3"
                >
                  hahah!
                </p>
              </div>
            </div>
          </div>
        </div>
        <div
          class="chat-input mt-3"
        >
          <form
            class="form-inline"
          >
            <div
              class="form-group w-50 mr-3"
            >
              <input
                class="message-input form-control w-100"
                name="message"
                placeholder="Message to #random"
                type="text"
                value=""
              />
            </div>
            <button
              class="message-submit btn btn-primary"
              disabled=""
              type="submit"
            >
              Send
            </button>
          </form>
        </div>
      </div>
    </div>
  </div>
</div>
`;

exports[`check app 8`] = `
<div
  class="wrapper container-fluid h-100"
>
  <div
    class="row h-100"
  >
    <div
      class="w-25 h-100 pt-3 bg-dark"
    >
      <div
        class="channels-list d-flex flex-column  h-100"
      >
        <div
          class="user-name pl-3 pr-3"
        >
          <p
            class="h3 text-white"
          >
            User1
          </p>
        </div>
        <div
          class="channels-manage pb-3"
        >
          <div
            class="nav flex-column nav-pills mb-3"
          >
            <a
              class="nav-link text-white"
              href="#"
            >
              # general
            </a>
            <a
              class="nav-link text-white active"
              href="#"
            >
              # random
            </a>
          </div>
          <button
            class="show-new-channel-modal-btn btn btn-primary ml-3"
            type="button"
          >
            new
          </button>
        </div>
      </div>
    </div>
    <div
      class="col pt-3 pb-5 h-100 bg-light"
    >
      <div
        class="chat d-flex flex-column justify-content-between h-100"
      >
        <div
          class="chat-header d-flex mb-3"
        >
          <h2
            class="chat-name mr-3"
          >
            #random
          </h2>
          <button
            class="show-rename-channel-modal-btn btn btn-primary mr-3"
            type="button"
          >
            edit
          </button>
        </div>
        <div
          class="chat-messages col"
        >
          <div
            class="card h-100"
          >
            <div
              class="card-body"
            >
              <div
                class="message"
              >
                <div
                  class="message-header"
                >
                  <span
                    class="message-sender font-weight-bold"
                  >
                    User1 
                  </span>
                  <span
                    class="message-time"
                  >
                    10:00
                  </span>
                </div>
                <p
                  class="pl-3 pr-3"
                >
                  hahah!
                </p>
              </div>
              <div
                class="message"
              >
                <div
                  class="message-header"
                >
                  <span
                    class="message-sender font-weight-bold"
                  >
                    User2 
                  </span>
                  <span
                    class="message-time"
                  >
                    10:05
                  </span>
                </div>
                <p
                  class="pl-3 pr-3"
                >
                  eeee
                </p>
              </div>
            </div>
          </div>
        </div>
        <div
          class="chat-input mt-3"
        >
          <form
            class="form-inline"
          >
            <div
              class="form-group w-50 mr-3"
            >
              <input
                class="message-input form-control w-100"
                name="message"
                placeholder="Message to #random"
                type="text"
                value=""
              />
            </div>
            <button
              class="message-submit btn btn-primary"
              disabled=""
              type="submit"
            >
              Send
            </button>
          </form>
        </div>
      </div>
    </div>
  </div>
</div>
`;

exports[`check app 9`] = `
<div
  class="wrapper container-fluid h-100"
>
  <div
    class="row h-100"
  >
    <div
      class="w-25 h-100 pt-3 bg-dark"
    >
      <div
        class="channels-list d-flex flex-column  h-100"
      >
        <div
          class="user-name pl-3 pr-3"
        >
          <p
            class="h3 text-white"
          >
            User1
          </p>
        </div>
        <div
          class="channels-manage pb-3"
        >
          <div
            class="nav flex-column nav-pills mb-3"
          >
            <a
              class="nav-link text-white"
              href="#"
            >
              # general
            </a>
            <a
              class="nav-link text-white"
              href="#"
            >
              # random
            </a>
            <a
              class="nav-link text-white active"
              href="#"
            >
              # job
            </a>
          </div>
          <button
            class="show-new-channel-modal-btn btn btn-primary ml-3"
            type="button"
          >
            new
          </button>
        </div>
      </div>
    </div>
    <div
      class="col pt-3 pb-5 h-100 bg-light"
    >
      <div
        class="chat d-flex flex-column justify-content-between h-100"
      >
        <div
          class="chat-header d-flex mb-3"
        >
          <h2
            class="chat-name mr-3"
          >
            #job
          </h2>
          <button
            class="show-rename-channel-modal-btn btn btn-primary mr-3"
            type="button"
          >
            edit
          </button>
          <button
            class="show-remove-channel-modal-btn btn btn-danger"
            type="button"
          >
            remove
          </button>
        </div>
        <div
          class="chat-messages col"
        >
          <div
            class="card h-100"
          >
            <div
              class="card-body"
            />
          </div>
        </div>
        <div
          class="chat-input mt-3"
        >
          <form
            class="form-inline"
          >
            <div
              class="form-group w-50 mr-3"
            >
              <input
                class="message-input form-control w-100"
                name="message"
                placeholder="Message to #job"
                type="text"
                value=""
              />
            </div>
            <button
              class="message-submit btn btn-primary"
              disabled=""
              type="submit"
            >
              Send
            </button>
          </form>
        </div>
      </div>
    </div>
  </div>
</div>
`;

exports[`check app 10`] = `
<div
  class="wrapper container-fluid h-100"
>
  <div
    class="row h-100"
  >
    <div
      class="w-25 h-100 pt-3 bg-dark"
    >
      <div
        class="channels-list d-flex flex-column  h-100"
      >
        <div
          class="user-name pl-3 pr-3"
        >
          <p
            class="h3 text-white"
          >
            User1
          </p>
        </div>
        <div
          class="channels-manage pb-3"
        >
          <div
            class="nav flex-column nav-pills mb-3"
          >
            <a
              class="nav-link text-white"
              href="#"
            >
              # general
            </a>
            <a
              class="nav-link text-white"
              href="#"
            >
              # random
            </a>
            <a
              class="nav-link text-white active"
              href="#"
            >
              # work
            </a>
          </div>
          <button
            class="show-new-channel-modal-btn btn btn-primary ml-3"
            type="button"
          >
            new
          </button>
        </div>
      </div>
    </div>
    <div
      class="col pt-3 pb-5 h-100 bg-light"
    >
      <div
        class="chat d-flex flex-column justify-content-between h-100"
      >
        <div
          class="chat-header d-flex mb-3"
        >
          <h2
            class="chat-name mr-3"
          >
            #work
          </h2>
          <button
            class="show-rename-channel-modal-btn btn btn-primary mr-3"
            type="button"
          >
            edit
          </button>
          <button
            class="show-remove-channel-modal-btn btn btn-danger"
            type="button"
          >
            remove
          </button>
        </div>
        <div
          class="chat-messages col"
        >
          <div
            class="card h-100"
          >
            <div
              class="card-body"
            />
          </div>
        </div>
        <div
          class="chat-input mt-3"
        >
          <form
            class="form-inline"
          >
            <div
              class="form-group w-50 mr-3"
            >
              <input
                class="message-input form-control w-100"
                name="message"
                placeholder="Message to #work"
                type="text"
                value=""
              />
            </div>
            <button
              class="message-submit btn btn-primary"
              disabled=""
              type="submit"
            >
              Send
            </button>
          </form>
        </div>
      </div>
    </div>
  </div>
</div>
`;

exports[`check app 11`] = `
<div
  class="wrapper container-fluid h-100"
>
  <div
    class="row h-100"
  >
    <div
      class="w-25 h-100 pt-3 bg-dark"
    >
      <div
        class="channels-list d-flex flex-column  h-100"
      >
        <div
          class="user-name pl-3 pr-3"
        >
          <p
            class="h3 text-white"
          >
            User1
          </p>
        </div>
        <div
          class="channels-manage pb-3"
        >
          <div
            class="nav flex-column nav-pills mb-3"
          >
            <a
              class="nav-link text-white active"
              href="#"
            >
              # general
            </a>
            <a
              class="nav-link text-white"
              href="#"
            >
              # random
            </a>
          </div>
          <button
            class="show-new-channel-modal-btn btn btn-primary ml-3"
            type="button"
          >
            new
          </button>
        </div>
      </div>
    </div>
    <div
      class="col pt-3 pb-5 h-100 bg-light"
    >
      <div
        class="chat d-flex flex-column justify-content-between h-100"
      >
        <div
          class="chat-header d-flex mb-3"
        >
          <h2
            class="chat-name mr-3"
          >
            #general
          </h2>
          <button
            class="show-rename-channel-modal-btn btn btn-primary mr-3"
            type="button"
          >
            edit
          </button>
        </div>
        <div
          class="chat-messages col"
        >
          <div
            class="card h-100"
          >
            <div
              class="card-body"
            >
              <div
                class="message"
              >
                <div
                  class="message-header"
                >
                  <span
                    class="message-sender font-weight-bold"
                  >
                    User1 
                  </span>
                  <span
                    class="message-time"
                  >
                    10:00
                  </span>
                </div>
                <p
                  class="pl-3 pr-3"
                >
                  hey!
                </p>
              </div>
              <div
                class="message"
              >
                <p
                  class="pl-3 pr-3"
                >
                  how are you?
                </p>
              </div>
              <div
                class="message"
              >
                <div
                  class="message-header"
                >
                  <span
                    class="message-sender font-weight-bold"
                  >
                    User2 
                  </span>
                  <span
                    class="message-time"
                  >
                    10:02
                  </span>
                </div>
                <p
                  class="pl-3 pr-3"
                >
                  i'm fine
                </p>
              </div>
            </div>
          </div>
        </div>
        <div
          class="chat-input mt-3"
        >
          <form
            class="form-inline"
          >
            <div
              class="form-group w-50 mr-3"
            >
              <input
                class="message-input form-control w-100"
                name="message"
                placeholder="Message to #general"
                type="text"
                value=""
              />
            </div>
            <button
              class="message-submit btn btn-primary"
              disabled=""
              type="submit"
            >
              Send
            </button>
          </form>
        </div>
      </div>
    </div>
  </div>
</div>
`;

exports[`check app 12`] = `
<div
  class="wrapper container-fluid h-100"
>
  <div
    class="row h-100"
  >
    <div
      class="w-25 h-100 pt-3 bg-dark"
    >
      <div
        class="channels-list d-flex flex-column  h-100"
      >
        <div
          class="user-name pl-3 pr-3"
        >
          <p
            class="h3 text-white"
          >
            User1
          </p>
        </div>
        <div
          class="channels-manage pb-3"
        >
          <div
            class="nav flex-column nav-pills mb-3"
          >
            <a
              class="nav-link text-white active"
              href="#"
            >
              # general
            </a>
            <a
              class="nav-link text-white"
              href="#"
            >
              # random
            </a>
            <a
              class="nav-link text-white"
              href="#"
            >
              # help
            </a>
          </div>
          <button
            class="show-new-channel-modal-btn btn btn-primary ml-3"
            type="button"
          >
            new
          </button>
        </div>
      </div>
    </div>
    <div
      class="col pt-3 pb-5 h-100 bg-light"
    >
      <div
        class="chat d-flex flex-column justify-content-between h-100"
      >
        <div
          class="chat-header d-flex mb-3"
        >
          <h2
            class="chat-name mr-3"
          >
            #general
          </h2>
          <button
            class="show-rename-channel-modal-btn btn btn-primary mr-3"
            type="button"
          >
            edit
          </button>
        </div>
        <div
          class="chat-messages col"
        >
          <div
            class="card h-100"
          >
            <div
              class="card-body"
            >
              <div
                class="message"
              >
                <div
                  class="message-header"
                >
                  <span
                    class="message-sender font-weight-bold"
                  >
                    User1 
                  </span>
                  <span
                    class="message-time"
                  >
                    10:00
                  </span>
                </div>
                <p
                  class="pl-3 pr-3"
                >
                  hey!
                </p>
              </div>
              <div
                class="message"
              >
                <p
                  class="pl-3 pr-3"
                >
                  how are you?
                </p>
              </div>
              <div
                class="message"
              >
                <div
                  class="message-header"
                >
                  <span
                    class="message-sender font-weight-bold"
                  >
                    User2 
                  </span>
                  <span
                    class="message-time"
                  >
                    10:02
                  </span>
                </div>
                <p
                  class="pl-3 pr-3"
                >
                  i'm fine
                </p>
              </div>
            </div>
          </div>
        </div>
        <div
          class="chat-input mt-3"
        >
          <form
            class="form-inline"
          >
            <div
              class="form-group w-50 mr-3"
            >
              <input
                class="message-input form-control w-100"
                name="message"
                placeholder="Message to #general"
                type="text"
                value=""
              />
            </div>
            <button
              class="message-submit btn btn-primary"
              disabled=""
              type="submit"
            >
              Send
            </button>
          </form>
        </div>
      </div>
    </div>
  </div>
</div>
`;

exports[`check app 13`] = `
<div
  class="wrapper container-fluid h-100"
>
  <div
    class="row h-100"
  >
    <div
      class="w-25 h-100 pt-3 bg-dark"
    >
      <div
        class="channels-list d-flex flex-column  h-100"
      >
        <div
          class="user-name pl-3 pr-3"
        >
          <p
            class="h3 text-white"
          >
            User1
          </p>
        </div>
        <div
          class="channels-manage pb-3"
        >
          <div
            class="nav flex-column nav-pills mb-3"
          >
            <a
              class="nav-link text-white active"
              href="#"
            >
              # general
            </a>
            <a
              class="nav-link text-white"
              href="#"
            >
              # random
            </a>
            <a
              class="nav-link text-white"
              href="#"
            >
              # help me
            </a>
          </div>
          <button
            class="show-new-channel-modal-btn btn btn-primary ml-3"
            type="button"
          >
            new
          </button>
        </div>
      </div>
    </div>
    <div
      class="col pt-3 pb-5 h-100 bg-light"
    >
      <div
        class="chat d-flex flex-column justify-content-between h-100"
      >
        <div
          class="chat-header d-flex mb-3"
        >
          <h2
            class="chat-name mr-3"
          >
            #general
          </h2>
          <button
            class="show-rename-channel-modal-btn btn btn-primary mr-3"
            type="button"
          >
            edit
          </button>
        </div>
        <div
          class="chat-messages col"
        >
          <div
            class="card h-100"
          >
            <div
              class="card-body"
            >
              <div
                class="message"
              >
                <div
                  class="message-header"
                >
                  <span
                    class="message-sender font-weight-bold"
                  >
                    User1 
                  </span>
                  <span
                    class="message-time"
                  >
                    10:00
                  </span>
                </div>
                <p
                  class="pl-3 pr-3"
                >
                  hey!
                </p>
              </div>
              <div
                class="message"
              >
                <p
                  class="pl-3 pr-3"
                >
                  how are you?
                </p>
              </div>
              <div
                class="message"
              >
                <div
                  class="message-header"
                >
                  <span
                    class="message-sender font-weight-bold"
                  >
                    User2 
                  </span>
                  <span
                    class="message-time"
                  >
                    10:02
                  </span>
                </div>
                <p
                  class="pl-3 pr-3"
                >
                  i'm fine
                </p>
              </div>
            </div>
          </div>
        </div>
        <div
          class="chat-input mt-3"
        >
          <form
            class="form-inline"
          >
            <div
              class="form-group w-50 mr-3"
            >
              <input
                class="message-input form-control w-100"
                name="message"
                placeholder="Message to #general"
                type="text"
                value=""
              />
            </div>
            <button
              class="message-submit btn btn-primary"
              disabled=""
              type="submit"
            >
              Send
            </button>
          </form>
        </div>
      </div>
    </div>
  </div>
</div>
`;

exports[`check app 14`] = `
<div
  class="wrapper container-fluid h-100"
>
  <div
    class="row h-100"
  >
    <div
      class="w-25 h-100 pt-3 bg-dark"
    >
      <div
        class="channels-list d-flex flex-column  h-100"
      >
        <div
          class="user-name pl-3 pr-3"
        >
          <p
            class="h3 text-white"
          >
            User1
          </p>
        </div>
        <div
          class="channels-manage pb-3"
        >
          <div
            class="nav flex-column nav-pills mb-3"
          >
            <a
              class="nav-link text-white active"
              href="#"
            >
              # general
            </a>
            <a
              class="nav-link text-white"
              href="#"
            >
              # random
            </a>
            <a
              class="nav-link text-white"
              href="#"
            >
              # help me
            </a>
          </div>
          <button
            class="show-new-channel-modal-btn btn btn-primary ml-3"
            type="button"
          >
            new
          </button>
        </div>
      </div>
    </div>
    <div
      class="col pt-3 pb-5 h-100 bg-light"
    >
      <div
        class="chat d-flex flex-column justify-content-between h-100"
      >
        <div
          class="chat-header d-flex mb-3"
        >
          <h2
            class="chat-name mr-3"
          >
            #general
          </h2>
          <button
            class="show-rename-channel-modal-btn btn btn-primary mr-3"
            type="button"
          >
            edit
          </button>
        </div>
        <div
          class="chat-messages col"
        >
          <div
            class="card h-100"
          >
            <div
              class="card-body"
            >
              <div
                class="message"
              >
                <div
                  class="message-header"
                >
                  <span
                    class="message-sender font-weight-bold"
                  >
                    User1 
                  </span>
                  <span
                    class="message-time"
                  >
                    10:00
                  </span>
                </div>
                <p
                  class="pl-3 pr-3"
                >
                  hey!
                </p>
              </div>
              <div
                class="message"
              >
                <p
                  class="pl-3 pr-3"
                >
                  how are you?
                </p>
              </div>
              <div
                class="message"
              >
                <div
                  class="message-header"
                >
                  <span
                    class="message-sender font-weight-bold"
                  >
                    User2 
                  </span>
                  <span
                    class="message-time"
                  >
                    10:02
                  </span>
                </div>
                <p
                  class="pl-3 pr-3"
                >
                  i'm fine
                </p>
              </div>
            </div>
          </div>
        </div>
        <div
          class="chat-input mt-3"
        >
          <form
            class="form-inline"
          >
            <div
              class="form-group w-50 mr-3"
            >
              <input
                class="message-input form-control w-100"
                name="message"
                placeholder="Message to #general"
                type="text"
                value=""
              />
            </div>
            <button
              class="message-submit btn btn-primary"
              disabled=""
              type="submit"
            >
              Send
            </button>
          </form>
        </div>
      </div>
    </div>
  </div>
</div>
`;
